Microchip MPLAB XC8 Compiler V2.36

Linker command line:

-W-3 --edf=C:\Program Files\Microchip\xc8\v2.36\pic\dat\en_msgs.txt -cn \
  -h+dist/default/production\sap_working_wate_RX.X.production.sym \
  --cmf=dist/default/production\sap_working_wate_RX.X.production.cmf -z \
  -Q16F18323 -oC:\Users\dell\AppData\Local\Temp\xcAsevc.4 \
  --defsym=__MPLAB_BUILD=1 \
  -Mdist/default/production/sap_working_wate_RX.X.production.map \
  --md=C:\Users\dell\AppData\Local\Temp\xcAsevc.dat -E1 -ver=XC8 Compiler \
  --acfsm=1493 -ACODE=00h-07FFh -ASTRCODE=00h-07FFh -ASTRING=00h-0FFhx8 \
  -ACONST=00h-0FFhx8 -AENTRY=00h-0FFhx8 -ACOMMON=070h-07Fh \
  -ABANK0=020h-06Fh -ABANK1=0A0h-0EFh -ABANK2=0120h-016Fh \
  -ABIGRAM=02000h-020EFh -ARAM=020h-06Fh,0A0h-0EFh,0120h-016Fh \
  -AABS1=020h-07Fh,0A0h-0EFh,0120h-016Fh -ASFR0=00h-01Fh -ASFR1=080h-09Fh \
  -ASFR2=0100h-011Fh -ASFR3=0180h-01EFh -ASFR4=0200h-026Fh \
  -ASFR5=0280h-02EFh -ASFR6=0300h-036Fh -ASFR7=0380h-03EFh \
  -ASFR8=0400h-046Fh -ASFR9=0480h-04EFh -ASFR10=0500h-056Fh \
  -ASFR11=0580h-05EFh -ASFR12=0600h-066Fh -ASFR13=0680h-06EFh \
  -ASFR14=0700h-076Fh -ASFR15=0780h-07EFh -ASFR16=0800h-086Fh \
  -ASFR17=0880h-08EFh -ASFR18=0900h-096Fh -ASFR19=0980h-09EFh \
  -ASFR20=0A00h-0A6Fh -ASFR21=0A80h-0AEFh -ASFR22=0B00h-0B6Fh \
  -ASFR23=0B80h-0BEFh -ASFR24=0C00h-0C6Fh -ASFR25=0C80h-0CEFh \
  -ASFR26=0D00h-0D6Fh -ASFR27=0D80h-0DEFh -ASFR28=0E00h-0E6Fh \
  -ASFR29=0E80h-0EEFh -ASFR30=0F00h-0F6Fh -ASFR31=0F80h-0FEFh \
  -ACONFIG=08007h-0800Ah -DCONFIG=2 -AIDLOC=08000h-08003h -DIDLOC=2 \
  -AEEDATA=00h-0FFh/0F000h -peeprom_data=EEDATA -DEEDATA=2 -DCODE=2 \
  -DSTRCODE=2 -DSTRING=2 -DCONST=2 -DENTRY=2 \
  -preset_vec=00h,intentry=04h,init,end_init -ppowerup=CODE -pcinit=CODE \
  -pfunctab=ENTRY -k C:\Users\dell\AppData\Local\Temp\xcAsevc.o \
  dist/default/production\sap_working_wate_RX.X.production.o 

Object code version is 3.11

Machine type is 16F18323



                Name                               Link     Load   Length Selector   Space Scale
C:\Users\dell\AppData\Local\Temp\xcAsevc.o
                end_init                             15       15        1        8       0
                reset_vec                             0        0        1        0       0
                config                             8007     8007        4        0       4
                idloc                              8000     8000        4        0       5
dist/default/production\sap_working_wate_RX.X.production.o
                cinit                                16       16       10        8       0
                intentry                              4        4       11        8       0
                config                             8007     8007        4        0       4
                idloc                              8000     8000        4        0       5
                text22                              22C      22C        1      450       0
                text21                              1B6      1B6        F        8       0
                text20                              1EF      1EF        9        8       0
                text18                              1C5      1C5        D        8       0
                text17                              21E      21E        6        8       0
                text16                              1E6      1E6        9        8       0
                text15                              15E      15E       20        8       0
                text14                              1A6      1A6       10        8       0
                text13                              13C      13C       22        8       0
                text12                               26       26       65        8       0
                text11                              218      218        6        8       0
                text10                              212      212        6        8       0
                text9                               20C      20C        6        8       0
                text8                               119      119       23        8       0
                text7                               1DD      1DD        9        8       0
                text6                               206      206        6        8       0
                text5                                E5       E5       34        8       0
                text4                               1F8      1F8        8        8       0
                text3                               17E      17E       15        8       0
                text2                               228      228        4      450       0
                text1                               193      193       13        8       0
                maintext                             8B       8B       5A        8       0
                cstackBANK0                          33       33        2       20       1
                cstackCOMMON                         70       70        E       70       1
                inittext                            200      200        6        8       0
                dataBANK0                            20       20        B       20       1
                bssBANK0                             35       35        1       20       1
                nvBANK0                              2B       2B        8       20       1
                stringtext1                         224      224        4      448       0
                idataBANK0                          1D2      1D2        B        8       0

TOTAL           Name                               Link     Load   Length     Space
        CLASS   CODE           
                end_init                             15       15        1         0
                cinit                                16       16       10         0
                intentry                              4        4       11         0
                reset_vec                             0        0        1         0
                text22                              22C      22C        1         0
                text21                              1B6      1B6        F         0
                text20                              1EF      1EF        9         0
                text18                              1C5      1C5        D         0
                text17                              21E      21E        6         0
                text16                              1E6      1E6        9         0
                text15                              15E      15E       20         0
                text14                              1A6      1A6       10         0
                text13                              13C      13C       22         0
                text12                               26       26       65         0
                text11                              218      218        6         0
                text10                              212      212        6         0
                text9                               20C      20C        6         0
                text8                               119      119       23         0
                text7                               1DD      1DD        9         0
                text6                               206      206        6         0
                text5                                E5       E5       34         0
                text4                               1F8      1F8        8         0
                text3                               17E      17E       15         0
                text2                               228      228        4         0
                text1                               193      193       13         0
                maintext                             8B       8B       5A         0
                inittext                            200      200        6         0
                idataBANK0                          1D2      1D2        B         0

        CLASS   STRCODE        
                stringtext1                         224      224        4         0

        CLASS   STRING         

        CLASS   CONST          

        CLASS   ENTRY          

        CLASS   COMMON         
                cstackCOMMON                         70       70        E         1

        CLASS   BANK0          
                cstackBANK0                          33       33        2         1
                dataBANK0                            20       20        B         1
                bssBANK0                             35       35        1         1
                nvBANK0                              2B       2B        8         1

        CLASS   BANK1          

        CLASS   BANK2          

        CLASS   BIGRAM         

        CLASS   RAM            

        CLASS   ABS1           
                abs_s1                               7E       7E        2         1

        CLASS   SFR0           

        CLASS   SFR1           

        CLASS   SFR2           

        CLASS   SFR3           

        CLASS   SFR4           

        CLASS   SFR5           

        CLASS   SFR6           

        CLASS   SFR7           

        CLASS   SFR8           

        CLASS   SFR9           

        CLASS   SFR10          

        CLASS   SFR11          

        CLASS   SFR12          

        CLASS   SFR13          

        CLASS   SFR14          

        CLASS   SFR15          

        CLASS   SFR16          

        CLASS   SFR17          

        CLASS   SFR18          

        CLASS   SFR19          

        CLASS   SFR20          

        CLASS   SFR21          

        CLASS   SFR22          

        CLASS   SFR23          

        CLASS   SFR24          

        CLASS   SFR25          

        CLASS   SFR26          

        CLASS   SFR27          

        CLASS   SFR28          

        CLASS   SFR29          

        CLASS   SFR30          

        CLASS   SFR31          

        CLASS   CONFIG         
                config                             8007     8007        4         4

        CLASS   IDLOC          
                idloc                              8000     8000        4         5

        CLASS   EEDATA         

        CLASS   BANK31         

        CLASS   BANK30         

        CLASS   BANK29         

        CLASS   BANK28         

        CLASS   BANK27         

        CLASS   BANK26         

        CLASS   BANK25         

        CLASS   BANK24         

        CLASS   BANK23         

        CLASS   BANK22         

        CLASS   BANK21         

        CLASS   BANK20         

        CLASS   BANK19         

        CLASS   BANK18         

        CLASS   BANK17         

        CLASS   BANK16         

        CLASS   BANK15         

        CLASS   BANK14         

        CLASS   BANK13         

        CLASS   BANK12         

        CLASS   BANK11         

        CLASS   BANK10         

        CLASS   BANK9          

        CLASS   BANK8          

        CLASS   BANK7          

        CLASS   BANK6          

        CLASS   BANK5          

        CLASS   BANK4          

        CLASS   BANK3          

        CLASS   HEAP           

        CLASS   STACK          



SEGMENTS        Name                           Load    Length   Top    Selector   Space  Class     Delta

                reset_vec                      000000  000001  000001         0       0  CODE        2
                intentry                       000004  000220  000224         8       0  CODE        2
                dataBANK0                      000020  000016  000036        20       1  BANK0       1
                cstackCOMMON                   000070  00000E  00007E        70       1  COMMON      1
                stringtext1                    000224  000004  000228       448       0  STRCODE     2
                text2                          000228  000005  00022D       450       0  CODE        2


UNUSED ADDRESS RANGES

        Name                Unused          Largest block    Delta
        BANK0            00036-0006F              3A           1
        BANK1            000A0-000EF              50           1
        BANK2            00120-0016F              50           1
        BIGRAM           02000-020EF              F0           1
        CODE             00001-00003               3           2
                         0022D-007FF             5D3
        CONST            00001-00003               3           2
                         0022D-007FF             100
        EEDATA           0F000-0F0FF             100           2
        ENTRY            00001-00003               3           2
                         0022D-007FF             100
        RAM              00036-0006F              3A           1
                         000A0-000EF              50
                         00120-0016F              50
        SFR0             00000-0001F              20           1
        SFR1             00080-0009F              20           1
        SFR10            00500-0056F              70           1
        SFR11            00580-005EF              70           1
        SFR12            00600-0066F              70           1
        SFR13            00680-006EF              70           1
        SFR14            00700-0076F              70           1
        SFR15            00780-007EF              70           1
        SFR16            00800-0086F              70           1
        SFR17            00880-008EF              70           1
        SFR18            00900-0096F              70           1
        SFR19            00980-009EF              70           1
        SFR2             00100-0011F              20           1
        SFR20            00A00-00A6F              70           1
        SFR21            00A80-00AEF              70           1
        SFR22            00B00-00B6F              70           1
        SFR23            00B80-00BEF              70           1
        SFR24            00C00-00C6F              70           1
        SFR25            00C80-00CEF              70           1
        SFR26            00D00-00D6F              70           1
        SFR27            00D80-00DEF              70           1
        SFR28            00E00-00E6F              70           1
        SFR29            00E80-00EEF              70           1
        SFR3             00180-001EF              70           1
        SFR30            00F00-00F6F              70           1
        SFR31            00F80-00FEF              70           1
        SFR4             00200-0026F              70           1
        SFR5             00280-002EF              70           1
        SFR6             00300-0036F              70           1
        SFR7             00380-003EF              70           1
        SFR8             00400-0046F              70           1
        SFR9             00480-004EF              70           1
        STRCODE          00001-00003               3           2
                         0022D-007FF             5D3
        STRING           00001-00003               3           2
                         0022D-007FF             100

                                  Symbol Table

EUSART_SetErrorHandler@interruptHandler        cstackCOMMON 00070
EUSART_SetFramingErrorHandler@interruptHandler cstackCOMMON 00070
EUSART_SetOverrunErrorHandler@interruptHandler cstackCOMMON 00070
IOCAF5_SetInterruptHandler@InterruptHandler    cstackCOMMON 00070
NRF_RX_Init@F5234                              dataBANK0    00025
NRF_SPI@data                                   cstackCOMMON 00071
NRF_SendPayload@data                           cstackCOMMON 00074
NRF_SendPayload@i                              cstackCOMMON 00075
NRF_SendPayload@len                            cstackCOMMON 00072
NRF_TX_Init@F5237                              dataBANK0    00020
NRF_TX_Init@tx_address                         cstackCOMMON 00079
NRF_WriteRegister@reg                          cstackCOMMON 00073
NRF_WriteRegister@value                        cstackCOMMON 00072
NRF_WriteRegisterMulti@data                    cstackCOMMON 00072
NRF_WriteRegisterMulti@i                       cstackCOMMON 00076
NRF_WriteRegisterMulti@len                     cstackCOMMON 00073
NRF_WriteRegisterMulti@reg                     cstackCOMMON 00075
SPI1_ExchangeByte@data                         cstackCOMMON 00070
_ANSELA                                        (abs)        0018C
_ANSELC                                        (abs)        0018E
_BAUD1CON                                      (abs)        0019F
_EUSART_DefaultErrorHandler                    (abs)        00000
_EUSART_DefaultFramingErrorHandler             (abs)        00000
_EUSART_DefaultOverrunErrorHandler             (abs)        00000
_EUSART_ErrorHandler                           nvBANK0      0002B
_EUSART_FramingErrorHandler                    nvBANK0      0002F
_EUSART_Initialize                             text8        00119
_EUSART_OverrunErrorHandler                    nvBANK0      0002D
_EUSART_SetErrorHandler                        text11       00218
_EUSART_SetFramingErrorHandler                 text10       00212
_EUSART_SetOverrunErrorHandler                 text9        0020C
_INLVLA                                        (abs)        0038C
_INLVLC                                        (abs)        0038E
_INTERRUPT_InterruptManager                    intentry     00004
_IOCAF5_DefaultInterruptHandler                text22       0022C
_IOCAF5_ISR                                    text21       001B6
_IOCAF5_InterruptHandler                       nvBANK0      00031
_IOCAF5_SetInterruptHandler                    text6        00206
_IOCAFbits                                     (abs)        00393
_IOCANbits                                     (abs)        00392
_IOCAPbits                                     (abs)        00391
_LATA                                          (abs)        0010C
_LATAbits                                      (abs)        0010C
_LATC                                          (abs)        0010E
_LATCbits                                      (abs)        0010E
_NRF_FlushTX                                   text16       001E6
_NRF_SPI                                       text17       0021E
_NRF_SendPayload                               text15       0015E
_NRF_TX_Init                                   text12       00026
_NRF_WriteRegister                             text14       001A6
_NRF_WriteRegisterMulti                        text13       0013C
_ODCONA                                        (abs)        0028C
_ODCONC                                        (abs)        0028E
_OSCCON1                                       (abs)        00919
_OSCCON3                                       (abs)        0091B
_OSCEN                                         (abs)        0091D
_OSCFRQ                                        (abs)        0091F
_OSCILLATOR_Initialize                         text7        001DD
_OSCTUNE                                       (abs)        0091E
_PIE0bits                                      (abs)        00090
_PIN_MANAGER_IOC                               text20       001EF
_PIN_MANAGER_Initialize                        text5        000E5
_PIR0bits                                      (abs)        00010
_PIR1bits                                      (abs)        00011
_PMD0                                          (abs)        00911
_PMD1                                          (abs)        00912
_PMD2                                          (abs)        00913
_PMD3                                          (abs)        00914
_PMD4                                          (abs)        00915
_PMD5                                          (abs)        00916
_PMD_Initialize                                text4        001F8
_PORTCbits                                     (abs)        0000E
_RC0PPS                                        (abs)        00EA0
_RC1REG                                        (abs)        00199
_RC1STA                                        (abs)        0019D
_RC1STAbits                                    (abs)        0019D
_RC2PPS                                        (abs)        00EA2
_SLRCONA                                       (abs)        0030C
_SLRCONC                                       (abs)        0030E
_SP1BRGH                                       (abs)        0019C
_SP1BRGL                                       (abs)        0019B
_SPI1_ExchangeByte                             text18       001C5
_SPI1_Initialize                               text3        0017E
_SSP1ADD                                       (abs)        00212
_SSP1BUF                                       (abs)        00211
_SSP1CLKPPS                                    (abs)        00E20
_SSP1CON1                                      (abs)        00215
_SSP1CON1bits                                  (abs)        00215
_SSP1CON2                                      (abs)        00216
_SSP1DATPPS                                    (abs)        00E21
_SSP1STAT                                      (abs)        00214
_SYSTEM_Initialize                             text1        00193
_TRISA                                         (abs)        0008C
_TRISAbits                                     (abs)        0008C
_TRISC                                         (abs)        0008E
_TRISCbits                                     (abs)        0008E
_TX1REG                                        (abs)        0019A
_TX1STA                                        (abs)        0019E
_TX1STAbits                                    (abs)        0019E
_WDTCON                                        (abs)        00097
_WDT_Initialize                                text2        00228
_WPUA                                          (abs)        0020C
_WPUC                                          (abs)        0020E
__Habs1                                        abs1         00000
__Hbank0                                       bank0        00000
__Hbank1                                       bank1        00000
__Hbank10                                      bank10       00000
__Hbank11                                      bank11       00000
__Hbank12                                      bank12       00000
__Hbank13                                      bank13       00000
__Hbank14                                      bank14       00000
__Hbank15                                      bank15       00000
__Hbank16                                      bank16       00000
__Hbank17                                      bank17       00000
__Hbank18                                      bank18       00000
__Hbank19                                      bank19       00000
__Hbank2                                       bank2        00000
__Hbank20                                      bank20       00000
__Hbank21                                      bank21       00000
__Hbank22                                      bank22       00000
__Hbank23                                      bank23       00000
__Hbank24                                      bank24       00000
__Hbank25                                      bank25       00000
__Hbank26                                      bank26       00000
__Hbank27                                      bank27       00000
__Hbank28                                      bank28       00000
__Hbank29                                      bank29       00000
__Hbank3                                       bank3        00000
__Hbank30                                      bank30       00000
__Hbank31                                      bank31       00000
__Hbank4                                       bank4        00000
__Hbank5                                       bank5        00000
__Hbank6                                       bank6        00000
__Hbank7                                       bank7        00000
__Hbank8                                       bank8        00000
__Hbank9                                       bank9        00000
__Hbigram                                      bigram       00000
__HbssBANK0                                    bssBANK0     00000
__Hcinit                                       cinit        00026
__Hclrtext                                     clrtext      00000
__Hcode                                        code         00000
__Hcommon                                      common       00000
__Hconfig                                      config       0800B
__HcstackBANK0                                 cstackBANK0  00000
__HcstackCOMMON                                cstackCOMMON 00000
__HdataBANK0                                   dataBANK0    00000
__Heeprom_data                                 eeprom_data  00000
__Hend_init                                    end_init     00016
__Hfunctab                                     functab      00000
__Hheap                                        heap         00000
__HidataBANK0                                  idataBANK0   00000
__Hidloc                                       idloc        08004
__Hinit                                        init         00015
__Hinittext                                    inittext     00000
__Hintentry                                    intentry     00015
__Hmaintext                                    maintext     00000
__HnvBANK0                                     nvBANK0      00000
__Hpowerup                                     powerup      00000
__Hram                                         ram          00000
__Hreset_vec                                   reset_vec    00001
__Hsfr0                                        sfr0         00000
__Hsfr1                                        sfr1         00000
__Hsfr10                                       sfr10        00000
__Hsfr11                                       sfr11        00000
__Hsfr12                                       sfr12        00000
__Hsfr13                                       sfr13        00000
__Hsfr14                                       sfr14        00000
__Hsfr15                                       sfr15        00000
__Hsfr16                                       sfr16        00000
__Hsfr17                                       sfr17        00000
__Hsfr18                                       sfr18        00000
__Hsfr19                                       sfr19        00000
__Hsfr2                                        sfr2         00000
__Hsfr20                                       sfr20        00000
__Hsfr21                                       sfr21        00000
__Hsfr22                                       sfr22        00000
__Hsfr23                                       sfr23        00000
__Hsfr24                                       sfr24        00000
__Hsfr25                                       sfr25        00000
__Hsfr26                                       sfr26        00000
__Hsfr27                                       sfr27        00000
__Hsfr28                                       sfr28        00000
__Hsfr29                                       sfr29        00000
__Hsfr3                                        sfr3         00000
__Hsfr30                                       sfr30        00000
__Hsfr31                                       sfr31        00000
__Hsfr4                                        sfr4         00000
__Hsfr5                                        sfr5         00000
__Hsfr6                                        sfr6         00000
__Hsfr7                                        sfr7         00000
__Hsfr8                                        sfr8         00000
__Hsfr9                                        sfr9         00000
__Hspace_0                                     (abs)        0022D
__Hspace_1                                     (abs)        0007E
__Hspace_2                                     (abs)        00000
__Hspace_3                                     (abs)        00000
__Hspace_4                                     (abs)        10012
__Hstack                                       stack        00000
__Hstrings                                     strings      00000
__Hstringtext1                                 stringtext1  00000
__Htext                                        text         00000
__Labs1                                        abs1         00000
__Lbank0                                       bank0        00000
__Lbank1                                       bank1        00000
__Lbank10                                      bank10       00000
__Lbank11                                      bank11       00000
__Lbank12                                      bank12       00000
__Lbank13                                      bank13       00000
__Lbank14                                      bank14       00000
__Lbank15                                      bank15       00000
__Lbank16                                      bank16       00000
__Lbank17                                      bank17       00000
__Lbank18                                      bank18       00000
__Lbank19                                      bank19       00000
__Lbank2                                       bank2        00000
__Lbank20                                      bank20       00000
__Lbank21                                      bank21       00000
__Lbank22                                      bank22       00000
__Lbank23                                      bank23       00000
__Lbank24                                      bank24       00000
__Lbank25                                      bank25       00000
__Lbank26                                      bank26       00000
__Lbank27                                      bank27       00000
__Lbank28                                      bank28       00000
__Lbank29                                      bank29       00000
__Lbank3                                       bank3        00000
__Lbank30                                      bank30       00000
__Lbank31                                      bank31       00000
__Lbank4                                       bank4        00000
__Lbank5                                       bank5        00000
__Lbank6                                       bank6        00000
__Lbank7                                       bank7        00000
__Lbank8                                       bank8        00000
__Lbank9                                       bank9        00000
__Lbigram                                      bigram       00000
__LbssBANK0                                    bssBANK0     00000
__Lcinit                                       cinit        00016
__Lclrtext                                     clrtext      00000
__Lcode                                        code         00000
__Lcommon                                      common       00000
__Lconfig                                      config       00000
__LcstackBANK0                                 cstackBANK0  00000
__LcstackCOMMON                                cstackCOMMON 00000
__LdataBANK0                                   dataBANK0    00000
__Leeprom_data                                 eeprom_data  00000
__Lend_init                                    end_init     00015
__Lfunctab                                     functab      00000
__Lheap                                        heap         00000
__LidataBANK0                                  idataBANK0   00000
__Lidloc                                       idloc        00000
__Linit                                        init         00015
__Linittext                                    inittext     00000
__Lintentry                                    intentry     00004
__Lmaintext                                    maintext     00000
__LnvBANK0                                     nvBANK0      00000
__Lpowerup                                     powerup      00000
__Lram                                         ram          00000
__Lreset_vec                                   reset_vec    00000
__Lsfr0                                        sfr0         00000
__Lsfr1                                        sfr1         00000
__Lsfr10                                       sfr10        00000
__Lsfr11                                       sfr11        00000
__Lsfr12                                       sfr12        00000
__Lsfr13                                       sfr13        00000
__Lsfr14                                       sfr14        00000
__Lsfr15                                       sfr15        00000
__Lsfr16                                       sfr16        00000
__Lsfr17                                       sfr17        00000
__Lsfr18                                       sfr18        00000
__Lsfr19                                       sfr19        00000
__Lsfr2                                        sfr2         00000
__Lsfr20                                       sfr20        00000
__Lsfr21                                       sfr21        00000
__Lsfr22                                       sfr22        00000
__Lsfr23                                       sfr23        00000
__Lsfr24                                       sfr24        00000
__Lsfr25                                       sfr25        00000
__Lsfr26                                       sfr26        00000
__Lsfr27                                       sfr27        00000
__Lsfr28                                       sfr28        00000
__Lsfr29                                       sfr29        00000
__Lsfr3                                        sfr3         00000
__Lsfr30                                       sfr30        00000
__Lsfr31                                       sfr31        00000
__Lsfr4                                        sfr4         00000
__Lsfr5                                        sfr5         00000
__Lsfr6                                        sfr6         00000
__Lsfr7                                        sfr7         00000
__Lsfr8                                        sfr8         00000
__Lsfr9                                        sfr9         00000
__Lspace_0                                     (abs)        00000
__Lspace_1                                     (abs)        00000
__Lspace_2                                     (abs)        00000
__Lspace_3                                     (abs)        00000
__Lspace_4                                     (abs)        00000
__Lstack                                       stack        00000
__Lstrings                                     strings      00000
__Lstringtext1                                 stringtext1  00000
__Ltext                                        text         00000
__S0                                           (abs)        0022D
__S1                                           (abs)        0007E
__S3                                           (abs)        00000
___heap_hi                                     (abs)        00000
___heap_lo                                     (abs)        00000
___int_sp                                      stack        00000
___latbits                                     (abs)        00000
___sp                                          stack        00000
___stackhi                                     (abs)        00000
___stacklo                                     (abs)        00000
__end_of_EUSART_Initialize                     text8        0013C
__end_of_EUSART_SetErrorHandler                text11       0021E
__end_of_EUSART_SetFramingErrorHandler         text10       00218
__end_of_EUSART_SetOverrunErrorHandler         text9        00212
__end_of_INTERRUPT_InterruptManager            intentry     00015
__end_of_IOCAF5_DefaultInterruptHandler        text22       0022D
__end_of_IOCAF5_ISR                            text21       001C5
__end_of_IOCAF5_SetInterruptHandler            text6        0020C
__end_of_NRF_FlushTX                           text16       001EF
__end_of_NRF_SPI                               text17       00224
__end_of_NRF_SendPayload                       text15       0017E
__end_of_NRF_TX_Init                           text12       0008B
__end_of_NRF_WriteRegister                     text14       001B6
__end_of_NRF_WriteRegisterMulti                text13       0015E
__end_of_OSCILLATOR_Initialize                 text7        001E6
__end_of_PIN_MANAGER_IOC                       text20       001F8
__end_of_PIN_MANAGER_Initialize                text5        00119
__end_of_PMD_Initialize                        text4        00200
__end_of_SPI1_ExchangeByte                     text18       001D2
__end_of_SPI1_Initialize                       text3        00193
__end_of_SYSTEM_Initialize                     text1        001A6
__end_of_WDT_Initialize                        text2        0022C
__end_of__initialization                       cinit        00023
__end_of_main                                  maintext     000E5
__end_of_spi1_configuration                    stringtext1  00228
__initialization                               cinit        00016
__pbssBANK0                                    bssBANK0     00035
__pcstackBANK0                                 cstackBANK0  00033
__pcstackCOMMON                                cstackCOMMON 00070
__pdataBANK0                                   dataBANK0    00020
__pidataBANK0                                  idataBANK0   001D2
__pintentry                                    intentry     00004
__pmaintext                                    maintext     0008B
__pnvBANK0                                     nvBANK0      0002B
__pstringtext1                                 stringtext1  00224
__ptext1                                       text1        00193
__ptext10                                      text10       00212
__ptext11                                      text11       00218
__ptext12                                      text12       00026
__ptext13                                      text13       0013C
__ptext14                                      text14       001A6
__ptext15                                      text15       0015E
__ptext16                                      text16       001E6
__ptext17                                      text17       0021E
__ptext18                                      text18       001C5
__ptext2                                       text2        00228
__ptext20                                      text20       001EF
__ptext21                                      text21       001B6
__ptext22                                      text22       0022C
__ptext3                                       text3        0017E
__ptext4                                       text4        001F8
__ptext5                                       text5        000E5
__ptext6                                       text6        00206
__ptext7                                       text7        001DD
__ptext8                                       text8        00119
__ptext9                                       text9        0020C
_eusartRxLastError                             bssBANK0     00035
_main                                          maintext     0008B
_spi1_configuration                            stringtext1  00224
btemp                                          (abs)        0007E
end_of_initialization                          cinit        00023
init_ram                                       inittext     00200
int$flags                                      (abs)        0007E
intlevel0                                      functab      00000
intlevel1                                      functab      00000
intlevel2                                      functab      00000
intlevel3                                      functab      00000
intlevel4                                      functab      00000
intlevel5                                      functab      00000
main@F5245                                     dataBANK0    0002A
main@data                                      cstackBANK0  00034
reset_vec                                      reset_vec    00000
start                                          init         00015
start_initialization                           cinit        00016
wtemp0                                         (abs)        0007E


MODULE INFORMATION

Module		Function		Class		Link	Load	Size
mcc_generated_files/interrupt_manager.c
		_INTERRUPT_InterruptManager		CODE           	0004	0000	17

mcc_generated_files/interrupt_manager.c estimated size: 17

mcc_generated_files/pin_manager.c
		_IOCAF5_SetInterruptHandler		CODE           	0206	0000	6
		_PIN_MANAGER_Initialize		CODE           	00E5	0000	52
		_IOCAF5_DefaultInterruptHandler		CODE           	022C	0000	1
		_IOCAF5_ISR    		CODE           	01B6	0000	15
		_PIN_MANAGER_IOC		CODE           	01EF	0000	9

mcc_generated_files/pin_manager.c estimated size: 83

mcc_generated_files/spi1.c
		_SPI1_Initialize		CODE           	017E	0000	21
		_SPI1_ExchangeByte		CODE           	01C5	0000	13

mcc_generated_files/spi1.c estimated size: 34

shared
		__initialization		CODE           	0016	0000	13
		_spi1_configuration		STRCODE        	0224	0000	4

shared estimated size: 17

mcc_generated_files/mcc.c
		_WDT_Initialize		CODE           	0228	0000	4
		_PMD_Initialize		CODE           	01F8	0000	8
		_OSCILLATOR_Initialize		CODE           	01DD	0000	9
		_SYSTEM_Initialize		CODE           	0193	0000	19

mcc_generated_files/mcc.c estimated size: 40

mcc_generated_files/eusart.c
		_EUSART_Initialize		CODE           	0119	0000	35
		_EUSART_SetFramingErrorHandler		CODE           	0212	0000	6
		_EUSART_SetErrorHandler		CODE           	0218	0000	6
		_EUSART_SetOverrunErrorHandler		CODE           	020C	0000	6

mcc_generated_files/eusart.c estimated size: 53

main.c
		_NRF_SendPayload		CODE           	015E	0000	32
		_main          		CODE           	008B	0000	90
		_NRF_FlushTX   		CODE           	01E6	0000	9
		_NRF_WriteRegister		CODE           	01A6	0000	16
		_NRF_WriteRegisterMulti		CODE           	013C	0000	34
		_NRF_SPI       		CODE           	021E	0000	6
		_NRF_TX_Init   		CODE           	0026	0000	101

main.c estimated size: 288

