Microchip MPLAB XC8 Compiler V2.36

Linker command line:

-W-3 --edf=C:\Program Files\Microchip\xc8\v2.36\pic\dat\en_msgs.txt -cn \
  -h+dist/default/production\trace.production.sym \
  --cmf=dist/default/production\trace.production.cmf -z -Q16F18323 \
  -oC:\Users\dell\AppData\Local\Temp\xcAs4j4.4 --defsym=__MPLAB_BUILD=1 \
  -Mdist/default/production/trace.production.map \
  --md=C:\Users\dell\AppData\Local\Temp\xcAs4j4.dat -E1 -ver=XC8 Compiler \
  --acfsm=1493 -ACODE=00h-07FFh -ASTRCODE=00h-07FFh -ASTRING=00h-0FFhx8 \
  -ACONST=00h-0FFhx8 -AENTRY=00h-0FFhx8 -ACOMMON=070h-07Fh \
  -ABANK0=020h-06Fh -ABANK1=0A0h-0EFh -ABANK2=0120h-016Fh \
  -ABIGRAM=02000h-020EFh -ARAM=020h-06Fh,0A0h-0EFh,0120h-016Fh \
  -AABS1=020h-07Fh,0A0h-0EFh,0120h-016Fh -ASFR0=00h-01Fh -ASFR1=080h-09Fh \
  -ASFR2=0100h-011Fh -ASFR3=0180h-01EFh -ASFR4=0200h-026Fh \
  -ASFR5=0280h-02EFh -ASFR6=0300h-036Fh -ASFR7=0380h-03EFh \
  -ASFR8=0400h-046Fh -ASFR9=0480h-04EFh -ASFR10=0500h-056Fh \
  -ASFR11=0580h-05EFh -ASFR12=0600h-066Fh -ASFR13=0680h-06EFh \
  -ASFR14=0700h-076Fh -ASFR15=0780h-07EFh -ASFR16=0800h-086Fh \
  -ASFR17=0880h-08EFh -ASFR18=0900h-096Fh -ASFR19=0980h-09EFh \
  -ASFR20=0A00h-0A6Fh -ASFR21=0A80h-0AEFh -ASFR22=0B00h-0B6Fh \
  -ASFR23=0B80h-0BEFh -ASFR24=0C00h-0C6Fh -ASFR25=0C80h-0CEFh \
  -ASFR26=0D00h-0D6Fh -ASFR27=0D80h-0DEFh -ASFR28=0E00h-0E6Fh \
  -ASFR29=0E80h-0EEFh -ASFR30=0F00h-0F6Fh -ASFR31=0F80h-0FEFh \
  -ACONFIG=08007h-0800Ah -DCONFIG=2 -AIDLOC=08000h-08003h -DIDLOC=2 \
  -AEEDATA=00h-0FFh/0F000h -peeprom_data=EEDATA -DEEDATA=2 -DCODE=2 \
  -DSTRCODE=2 -DSTRING=2 -DCONST=2 -DENTRY=2 \
  -preset_vec=00h,intentry=04h,init,end_init -ppowerup=CODE -pcinit=CODE \
  -pfunctab=ENTRY -k C:\Users\dell\AppData\Local\Temp\xcAs4j4.o \
  dist/default/production\trace.production.o 

Object code version is 3.11

Machine type is 16F18323



                Name                               Link     Load   Length Selector   Space Scale
C:\Users\dell\AppData\Local\Temp\xcAs4j4.o
                end_init                             15       15        1        8       0
                reset_vec                             0        0        1        0       0
                config                             8007     8007        4        0       4
                idloc                              8000     8000        4        0       5
dist/default/production\trace.production.o
                cinit                                16       16       12        8       0
                intentry                              4        4       11        8       0
                config                             8007     8007        4        0       4
                idloc                              8000     8000        4        0       5
                text23                              20A      20A        1      40C       0
                text22                              1A0      1A0        F        8       0
                text21                              1CE      1CE        9        8       0
                text19                              1AF      1AF        D        8       0
                text18                              1F7      1F7        6        8       0
                text17                              190      190       10        8       0
                text16                              1C5      1C5        9        8       0
                text15                              133      133       22        8       0
                text14                               28       28       56        8       0
                text13                               E6       E6       2A        8       0
                text12                              17D      17D       13        8       0
                text11                              1F1      1F1        6        8       0
                text10                              1EB      1EB        6        8       0
                text9                               1E5      1E5        6        8       0
                text8                               110      110       23        8       0
                text7                               1BC      1BC        9        8       0
                text6                               1DF      1DF        6        8       0
                text5                                7E       7E       35        8       0
                text4                               1D7      1D7        8        8       0
                text3                               155      155       15        8       0
                text2                               206      206        4      40C       0
                text1                               16A      16A       13        8       0
                maintext                             B3       B3       33        8       0
                cstackBANK0                          2D       2D        3       20       1
                cstackCOMMON                         70       70        E       70       1
                dataBANK0                            28       28        5       20       1
                bssBANK0                             30       30        1       20       1
                nvBANK0                              20       20        8       20       1
                stringtext1                         202      202        4      404       0
                idataBANK0                          1FD      1FD        5        8       0

TOTAL           Name                               Link     Load   Length     Space
        CLASS   CODE           
                end_init                             15       15        1         0
                cinit                                16       16       12         0
                intentry                              4        4       11         0
                reset_vec                             0        0        1         0
                text23                              20A      20A        1         0
                text22                              1A0      1A0        F         0
                text21                              1CE      1CE        9         0
                text19                              1AF      1AF        D         0
                text18                              1F7      1F7        6         0
                text17                              190      190       10         0
                text16                              1C5      1C5        9         0
                text15                              133      133       22         0
                text14                               28       28       56         0
                text13                               E6       E6       2A         0
                text12                              17D      17D       13         0
                text11                              1F1      1F1        6         0
                text10                              1EB      1EB        6         0
                text9                               1E5      1E5        6         0
                text8                               110      110       23         0
                text7                               1BC      1BC        9         0
                text6                               1DF      1DF        6         0
                text5                                7E       7E       35         0
                text4                               1D7      1D7        8         0
                text3                               155      155       15         0
                text2                               206      206        4         0
                text1                               16A      16A       13         0
                maintext                             B3       B3       33         0
                idataBANK0                          1FD      1FD        5         0

        CLASS   STRCODE        
                stringtext1                         202      202        4         0

        CLASS   STRING         

        CLASS   CONST          

        CLASS   ENTRY          

        CLASS   COMMON         
                cstackCOMMON                         70       70        E         1

        CLASS   BANK0          
                cstackBANK0                          2D       2D        3         1
                dataBANK0                            28       28        5         1
                bssBANK0                             30       30        1         1
                nvBANK0                              20       20        8         1

        CLASS   BANK1          

        CLASS   BANK2          

        CLASS   BIGRAM         

        CLASS   RAM            

        CLASS   ABS1           
                abs_s1                               7E       7E        2         1

        CLASS   SFR0           

        CLASS   SFR1           

        CLASS   SFR2           

        CLASS   SFR3           

        CLASS   SFR4           

        CLASS   SFR5           

        CLASS   SFR6           

        CLASS   SFR7           

        CLASS   SFR8           

        CLASS   SFR9           

        CLASS   SFR10          

        CLASS   SFR11          

        CLASS   SFR12          

        CLASS   SFR13          

        CLASS   SFR14          

        CLASS   SFR15          

        CLASS   SFR16          

        CLASS   SFR17          

        CLASS   SFR18          

        CLASS   SFR19          

        CLASS   SFR20          

        CLASS   SFR21          

        CLASS   SFR22          

        CLASS   SFR23          

        CLASS   SFR24          

        CLASS   SFR25          

        CLASS   SFR26          

        CLASS   SFR27          

        CLASS   SFR28          

        CLASS   SFR29          

        CLASS   SFR30          

        CLASS   SFR31          

        CLASS   CONFIG         
                config                             8007     8007        4         4

        CLASS   IDLOC          
                idloc                              8000     8000        4         5

        CLASS   EEDATA         

        CLASS   BANK31         

        CLASS   BANK30         

        CLASS   BANK29         

        CLASS   BANK28         

        CLASS   BANK27         

        CLASS   BANK26         

        CLASS   BANK25         

        CLASS   BANK24         

        CLASS   BANK23         

        CLASS   BANK22         

        CLASS   BANK21         

        CLASS   BANK20         

        CLASS   BANK19         

        CLASS   BANK18         

        CLASS   BANK17         

        CLASS   BANK16         

        CLASS   BANK15         

        CLASS   BANK14         

        CLASS   BANK13         

        CLASS   BANK12         

        CLASS   BANK11         

        CLASS   BANK10         

        CLASS   BANK9          

        CLASS   BANK8          

        CLASS   BANK7          

        CLASS   BANK6          

        CLASS   BANK5          

        CLASS   BANK4          

        CLASS   BANK3          

        CLASS   HEAP           

        CLASS   STACK          



SEGMENTS        Name                           Load    Length   Top    Selector   Space  Class     Delta

                reset_vec                      000000  000001  000001         0       0  CODE        2
                intentry                       000004  0001FE  000202         8       0  CODE        2
                nvBANK0                        000020  000011  000031        20       1  BANK0       1
                cstackCOMMON                   000070  00000E  00007E        70       1  COMMON      1
                stringtext1                    000202  000004  000206       404       0  STRCODE     2
                text2                          000206  000005  00020B       40C       0  CODE        2


UNUSED ADDRESS RANGES

        Name                Unused          Largest block    Delta
        BANK0            00031-0006F              3F           1
        BANK1            000A0-000EF              50           1
        BANK2            00120-0016F              50           1
        BIGRAM           02000-020EF              F0           1
        CODE             00001-00003               3           2
                         0020B-007FF             5F5
        CONST            00001-00003               3           2
                         0020B-007FF             100
        EEDATA           0F000-0F0FF             100           2
        ENTRY            00001-00003               3           2
                         0020B-007FF             100
        RAM              00031-0006F              3F           1
                         000A0-000EF              50
                         00120-0016F              50
        SFR0             00000-0001F              20           1
        SFR1             00080-0009F              20           1
        SFR10            00500-0056F              70           1
        SFR11            00580-005EF              70           1
        SFR12            00600-0066F              70           1
        SFR13            00680-006EF              70           1
        SFR14            00700-0076F              70           1
        SFR15            00780-007EF              70           1
        SFR16            00800-0086F              70           1
        SFR17            00880-008EF              70           1
        SFR18            00900-0096F              70           1
        SFR19            00980-009EF              70           1
        SFR2             00100-0011F              20           1
        SFR20            00A00-00A6F              70           1
        SFR21            00A80-00AEF              70           1
        SFR22            00B00-00B6F              70           1
        SFR23            00B80-00BEF              70           1
        SFR24            00C00-00C6F              70           1
        SFR25            00C80-00CEF              70           1
        SFR26            00D00-00D6F              70           1
        SFR27            00D80-00DEF              70           1
        SFR28            00E00-00E6F              70           1
        SFR29            00E80-00EEF              70           1
        SFR3             00180-001EF              70           1
        SFR30            00F00-00F6F              70           1
        SFR31            00F80-00FEF              70           1
        SFR4             00200-0026F              70           1
        SFR5             00280-002EF              70           1
        SFR6             00300-0036F              70           1
        SFR7             00380-003EF              70           1
        SFR8             00400-0046F              70           1
        SFR9             00480-004EF              70           1
        STRCODE          00001-00003               3           2
                         0020B-007FF             5F5
        STRING           00001-00003               3           2
                         0020B-007FF             100

                                  Symbol Table

EUSART_SetErrorHandler@interruptHandler        cstackCOMMON 00070
EUSART_SetFramingErrorHandler@interruptHandler cstackCOMMON 00070
EUSART_SetOverrunErrorHandler@interruptHandler cstackCOMMON 00070
IOCAF5_SetInterruptHandler@InterruptHandler    cstackCOMMON 00070
NRF_RX_Init@F5234                              dataBANK0    00028
NRF_RX_Init@rx_address                         cstackCOMMON 00079
NRF_ReadPayload@data                           cstackCOMMON 00075
NRF_ReadPayload@i                              cstackCOMMON 00076
NRF_ReadPayload@len                            cstackCOMMON 00072
NRF_ReadRegister@reg                           cstackCOMMON 00073
NRF_ReadRegister@result                        cstackCOMMON 00074
NRF_SPI@data                                   cstackCOMMON 00071
NRF_WriteRegister@reg                          cstackCOMMON 00073
NRF_WriteRegister@value                        cstackCOMMON 00072
NRF_WriteRegisterMulti@data                    cstackCOMMON 00072
NRF_WriteRegisterMulti@i                       cstackCOMMON 00076
NRF_WriteRegisterMulti@len                     cstackCOMMON 00073
NRF_WriteRegisterMulti@reg                     cstackCOMMON 00075
SPI1_ExchangeByte@data                         cstackCOMMON 00070
_ANSELA                                        (abs)        0018C
_ANSELC                                        (abs)        0018E
_BAUD1CON                                      (abs)        0019F
_EUSART_DefaultErrorHandler                    (abs)        00000
_EUSART_DefaultFramingErrorHandler             (abs)        00000
_EUSART_DefaultOverrunErrorHandler             (abs)        00000
_EUSART_ErrorHandler                           nvBANK0      00020
_EUSART_FramingErrorHandler                    nvBANK0      00024
_EUSART_Initialize                             text8        00110
_EUSART_OverrunErrorHandler                    nvBANK0      00022
_EUSART_SetErrorHandler                        text11       001F1
_EUSART_SetFramingErrorHandler                 text10       001EB
_EUSART_SetOverrunErrorHandler                 text9        001E5
_INLVLA                                        (abs)        0038C
_INLVLC                                        (abs)        0038E
_INTERRUPT_InterruptManager                    intentry     00004
_IOCAF5_DefaultInterruptHandler                text23       0020A
_IOCAF5_ISR                                    text22       001A0
_IOCAF5_InterruptHandler                       nvBANK0      00026
_IOCAF5_SetInterruptHandler                    text6        001DF
_IOCAFbits                                     (abs)        00393
_IOCANbits                                     (abs)        00392
_IOCAPbits                                     (abs)        00391
_LATA                                          (abs)        0010C
_LATAbits                                      (abs)        0010C
_LATC                                          (abs)        0010E
_LATCbits                                      (abs)        0010E
_NRF_ClearStatus                               text16       001C5
_NRF_RX_Init                                   text14       00028
_NRF_ReadPayload                               text13       000E6
_NRF_ReadRegister                              text12       0017D
_NRF_SPI                                       text18       001F7
_NRF_WriteRegister                             text17       00190
_NRF_WriteRegisterMulti                        text15       00133
_ODCONA                                        (abs)        0028C
_ODCONC                                        (abs)        0028E
_OSCCON1                                       (abs)        00919
_OSCCON3                                       (abs)        0091B
_OSCEN                                         (abs)        0091D
_OSCFRQ                                        (abs)        0091F
_OSCILLATOR_Initialize                         text7        001BC
_OSCTUNE                                       (abs)        0091E
_PIE0bits                                      (abs)        00090
_PIN_MANAGER_IOC                               text21       001CE
_PIN_MANAGER_Initialize                        text5        0007E
_PIR0bits                                      (abs)        00010
_PIR1bits                                      (abs)        00011
_PMD0                                          (abs)        00911
_PMD1                                          (abs)        00912
_PMD2                                          (abs)        00913
_PMD3                                          (abs)        00914
_PMD4                                          (abs)        00915
_PMD5                                          (abs)        00916
_PMD_Initialize                                text4        001D7
_RC0PPS                                        (abs)        00EA0
_RC1REG                                        (abs)        00199
_RC1STA                                        (abs)        0019D
_RC1STAbits                                    (abs)        0019D
_RC2PPS                                        (abs)        00EA2
_SLRCONA                                       (abs)        0030C
_SLRCONC                                       (abs)        0030E
_SP1BRGH                                       (abs)        0019C
_SP1BRGL                                       (abs)        0019B
_SPI1_ExchangeByte                             text19       001AF
_SPI1_Initialize                               text3        00155
_SSP1ADD                                       (abs)        00212
_SSP1BUF                                       (abs)        00211
_SSP1CLKPPS                                    (abs)        00E20
_SSP1CON1                                      (abs)        00215
_SSP1CON1bits                                  (abs)        00215
_SSP1CON2                                      (abs)        00216
_SSP1DATPPS                                    (abs)        00E21
_SSP1STAT                                      (abs)        00214
_SYSTEM_Initialize                             text1        0016A
_TRISA                                         (abs)        0008C
_TRISAbits                                     (abs)        0008C
_TRISC                                         (abs)        0008E
_TRISCbits                                     (abs)        0008E
_TX1REG                                        (abs)        0019A
_TX1STA                                        (abs)        0019E
_TX1STAbits                                    (abs)        0019E
_WDTCON                                        (abs)        00097
_WDT_Initialize                                text2        00206
_WPUA                                          (abs)        0020C
_WPUC                                          (abs)        0020E
__Habs1                                        abs1         00000
__Hbank0                                       bank0        00000
__Hbank1                                       bank1        00000
__Hbank10                                      bank10       00000
__Hbank11                                      bank11       00000
__Hbank12                                      bank12       00000
__Hbank13                                      bank13       00000
__Hbank14                                      bank14       00000
__Hbank15                                      bank15       00000
__Hbank16                                      bank16       00000
__Hbank17                                      bank17       00000
__Hbank18                                      bank18       00000
__Hbank19                                      bank19       00000
__Hbank2                                       bank2        00000
__Hbank20                                      bank20       00000
__Hbank21                                      bank21       00000
__Hbank22                                      bank22       00000
__Hbank23                                      bank23       00000
__Hbank24                                      bank24       00000
__Hbank25                                      bank25       00000
__Hbank26                                      bank26       00000
__Hbank27                                      bank27       00000
__Hbank28                                      bank28       00000
__Hbank29                                      bank29       00000
__Hbank3                                       bank3        00000
__Hbank30                                      bank30       00000
__Hbank31                                      bank31       00000
__Hbank4                                       bank4        00000
__Hbank5                                       bank5        00000
__Hbank6                                       bank6        00000
__Hbank7                                       bank7        00000
__Hbank8                                       bank8        00000
__Hbank9                                       bank9        00000
__Hbigram                                      bigram       00000
__HbssBANK0                                    bssBANK0     00000
__Hcinit                                       cinit        00028
__Hclrtext                                     clrtext      00000
__Hcode                                        code         00000
__Hcommon                                      common       00000
__Hconfig                                      config       0800B
__HcstackBANK0                                 cstackBANK0  00000
__HcstackCOMMON                                cstackCOMMON 00000
__HdataBANK0                                   dataBANK0    00000
__Heeprom_data                                 eeprom_data  00000
__Hend_init                                    end_init     00016
__Hfunctab                                     functab      00000
__Hheap                                        heap         00000
__HidataBANK0                                  idataBANK0   00000
__Hidloc                                       idloc        08004
__Hinit                                        init         00015
__Hintentry                                    intentry     00015
__Hmaintext                                    maintext     00000
__HnvBANK0                                     nvBANK0      00000
__Hpowerup                                     powerup      00000
__Hram                                         ram          00000
__Hreset_vec                                   reset_vec    00001
__Hsfr0                                        sfr0         00000
__Hsfr1                                        sfr1         00000
__Hsfr10                                       sfr10        00000
__Hsfr11                                       sfr11        00000
__Hsfr12                                       sfr12        00000
__Hsfr13                                       sfr13        00000
__Hsfr14                                       sfr14        00000
__Hsfr15                                       sfr15        00000
__Hsfr16                                       sfr16        00000
__Hsfr17                                       sfr17        00000
__Hsfr18                                       sfr18        00000
__Hsfr19                                       sfr19        00000
__Hsfr2                                        sfr2         00000
__Hsfr20                                       sfr20        00000
__Hsfr21                                       sfr21        00000
__Hsfr22                                       sfr22        00000
__Hsfr23                                       sfr23        00000
__Hsfr24                                       sfr24        00000
__Hsfr25                                       sfr25        00000
__Hsfr26                                       sfr26        00000
__Hsfr27                                       sfr27        00000
__Hsfr28                                       sfr28        00000
__Hsfr29                                       sfr29        00000
__Hsfr3                                        sfr3         00000
__Hsfr30                                       sfr30        00000
__Hsfr31                                       sfr31        00000
__Hsfr4                                        sfr4         00000
__Hsfr5                                        sfr5         00000
__Hsfr6                                        sfr6         00000
__Hsfr7                                        sfr7         00000
__Hsfr8                                        sfr8         00000
__Hsfr9                                        sfr9         00000
__Hspace_0                                     (abs)        0020B
__Hspace_1                                     (abs)        0007E
__Hspace_2                                     (abs)        00000
__Hspace_3                                     (abs)        00000
__Hspace_4                                     (abs)        10012
__Hstack                                       stack        00000
__Hstrings                                     strings      00000
__Hstringtext1                                 stringtext1  00000
__Htext                                        text         00000
__Labs1                                        abs1         00000
__Lbank0                                       bank0        00000
__Lbank1                                       bank1        00000
__Lbank10                                      bank10       00000
__Lbank11                                      bank11       00000
__Lbank12                                      bank12       00000
__Lbank13                                      bank13       00000
__Lbank14                                      bank14       00000
__Lbank15                                      bank15       00000
__Lbank16                                      bank16       00000
__Lbank17                                      bank17       00000
__Lbank18                                      bank18       00000
__Lbank19                                      bank19       00000
__Lbank2                                       bank2        00000
__Lbank20                                      bank20       00000
__Lbank21                                      bank21       00000
__Lbank22                                      bank22       00000
__Lbank23                                      bank23       00000
__Lbank24                                      bank24       00000
__Lbank25                                      bank25       00000
__Lbank26                                      bank26       00000
__Lbank27                                      bank27       00000
__Lbank28                                      bank28       00000
__Lbank29                                      bank29       00000
__Lbank3                                       bank3        00000
__Lbank30                                      bank30       00000
__Lbank31                                      bank31       00000
__Lbank4                                       bank4        00000
__Lbank5                                       bank5        00000
__Lbank6                                       bank6        00000
__Lbank7                                       bank7        00000
__Lbank8                                       bank8        00000
__Lbank9                                       bank9        00000
__Lbigram                                      bigram       00000
__LbssBANK0                                    bssBANK0     00000
__Lcinit                                       cinit        00016
__Lclrtext                                     clrtext      00000
__Lcode                                        code         00000
__Lcommon                                      common       00000
__Lconfig                                      config       00000
__LcstackBANK0                                 cstackBANK0  00000
__LcstackCOMMON                                cstackCOMMON 00000
__LdataBANK0                                   dataBANK0    00000
__Leeprom_data                                 eeprom_data  00000
__Lend_init                                    end_init     00015
__Lfunctab                                     functab      00000
__Lheap                                        heap         00000
__LidataBANK0                                  idataBANK0   00000
__Lidloc                                       idloc        00000
__Linit                                        init         00015
__Lintentry                                    intentry     00004
__Lmaintext                                    maintext     00000
__LnvBANK0                                     nvBANK0      00000
__Lpowerup                                     powerup      00000
__Lram                                         ram          00000
__Lreset_vec                                   reset_vec    00000
__Lsfr0                                        sfr0         00000
__Lsfr1                                        sfr1         00000
__Lsfr10                                       sfr10        00000
__Lsfr11                                       sfr11        00000
__Lsfr12                                       sfr12        00000
__Lsfr13                                       sfr13        00000
__Lsfr14                                       sfr14        00000
__Lsfr15                                       sfr15        00000
__Lsfr16                                       sfr16        00000
__Lsfr17                                       sfr17        00000
__Lsfr18                                       sfr18        00000
__Lsfr19                                       sfr19        00000
__Lsfr2                                        sfr2         00000
__Lsfr20                                       sfr20        00000
__Lsfr21                                       sfr21        00000
__Lsfr22                                       sfr22        00000
__Lsfr23                                       sfr23        00000
__Lsfr24                                       sfr24        00000
__Lsfr25                                       sfr25        00000
__Lsfr26                                       sfr26        00000
__Lsfr27                                       sfr27        00000
__Lsfr28                                       sfr28        00000
__Lsfr29                                       sfr29        00000
__Lsfr3                                        sfr3         00000
__Lsfr30                                       sfr30        00000
__Lsfr31                                       sfr31        00000
__Lsfr4                                        sfr4         00000
__Lsfr5                                        sfr5         00000
__Lsfr6                                        sfr6         00000
__Lsfr7                                        sfr7         00000
__Lsfr8                                        sfr8         00000
__Lsfr9                                        sfr9         00000
__Lspace_0                                     (abs)        00000
__Lspace_1                                     (abs)        00000
__Lspace_2                                     (abs)        00000
__Lspace_3                                     (abs)        00000
__Lspace_4                                     (abs)        00000
__Lstack                                       stack        00000
__Lstrings                                     strings      00000
__Lstringtext1                                 stringtext1  00000
__Ltext                                        text         00000
__S0                                           (abs)        0020B
__S1                                           (abs)        0007E
__S3                                           (abs)        00000
___heap_hi                                     (abs)        00000
___heap_lo                                     (abs)        00000
___int_sp                                      stack        00000
___latbits                                     (abs)        00000
___sp                                          stack        00000
___stackhi                                     (abs)        00000
___stacklo                                     (abs)        00000
__end_of_EUSART_Initialize                     text8        00133
__end_of_EUSART_SetErrorHandler                text11       001F7
__end_of_EUSART_SetFramingErrorHandler         text10       001F1
__end_of_EUSART_SetOverrunErrorHandler         text9        001EB
__end_of_INTERRUPT_InterruptManager            intentry     00015
__end_of_IOCAF5_DefaultInterruptHandler        text23       0020B
__end_of_IOCAF5_ISR                            text22       001AF
__end_of_IOCAF5_SetInterruptHandler            text6        001E5
__end_of_NRF_ClearStatus                       text16       001CE
__end_of_NRF_RX_Init                           text14       0007E
__end_of_NRF_ReadPayload                       text13       00110
__end_of_NRF_ReadRegister                      text12       00190
__end_of_NRF_SPI                               text18       001FD
__end_of_NRF_WriteRegister                     text17       001A0
__end_of_NRF_WriteRegisterMulti                text15       00155
__end_of_OSCILLATOR_Initialize                 text7        001C5
__end_of_PIN_MANAGER_IOC                       text21       001D7
__end_of_PIN_MANAGER_Initialize                text5        000B3
__end_of_PMD_Initialize                        text4        001DF
__end_of_SPI1_ExchangeByte                     text19       001BC
__end_of_SPI1_Initialize                       text3        0016A
__end_of_SYSTEM_Initialize                     text1        0017D
__end_of_WDT_Initialize                        text2        0020A
__end_of__initialization                       cinit        00025
__end_of_main                                  maintext     000E6
__end_of_spi1_configuration                    stringtext1  00206
__initialization                               cinit        00016
__pbssBANK0                                    bssBANK0     00030
__pcstackBANK0                                 cstackBANK0  0002D
__pcstackCOMMON                                cstackCOMMON 00070
__pdataBANK0                                   dataBANK0    00028
__pidataBANK0                                  idataBANK0   001FD
__pintentry                                    intentry     00004
__pmaintext                                    maintext     000B3
__pnvBANK0                                     nvBANK0      00020
__pstringtext1                                 stringtext1  00202
__ptext1                                       text1        0016A
__ptext10                                      text10       001EB
__ptext11                                      text11       001F1
__ptext12                                      text12       0017D
__ptext13                                      text13       000E6
__ptext14                                      text14       00028
__ptext15                                      text15       00133
__ptext16                                      text16       001C5
__ptext17                                      text17       00190
__ptext18                                      text18       001F7
__ptext19                                      text19       001AF
__ptext2                                       text2        00206
__ptext21                                      text21       001CE
__ptext22                                      text22       001A0
__ptext23                                      text23       0020A
__ptext3                                       text3        00155
__ptext4                                       text4        001D7
__ptext5                                       text5        0007E
__ptext6                                       text6        001DF
__ptext7                                       text7        001BC
__ptext8                                       text8        00110
__ptext9                                       text9        001E5
_eusartRxLastError                             bssBANK0     00030
_main                                          maintext     000B3
_spi1_configuration                            stringtext1  00202
btemp                                          (abs)        0007E
end_of_initialization                          cinit        00025
int$flags                                      (abs)        0007E
intlevel0                                      functab      00000
intlevel1                                      functab      00000
intlevel2                                      functab      00000
intlevel3                                      functab      00000
intlevel4                                      functab      00000
intlevel5                                      functab      00000
main@payload                                   cstackBANK0  0002F
main@status                                    cstackBANK0  0002E
reset_vec                                      reset_vec    00000
start                                          init         00015
start_initialization                           cinit        00016
wtemp0                                         (abs)        0007E


MODULE INFORMATION

Module		Function		Class		Link	Load	Size
mcc_generated_files/interrupt_manager.c
		_INTERRUPT_InterruptManager		CODE           	0004	0000	17

mcc_generated_files/interrupt_manager.c estimated size: 17

mcc_generated_files/pin_manager.c
		_IOCAF5_SetInterruptHandler		CODE           	01DF	0000	6
		_PIN_MANAGER_Initialize		CODE           	007E	0000	53
		_IOCAF5_DefaultInterruptHandler		CODE           	020A	0000	1
		_IOCAF5_ISR    		CODE           	01A0	0000	15
		_PIN_MANAGER_IOC		CODE           	01CE	0000	9

mcc_generated_files/pin_manager.c estimated size: 84

mcc_generated_files/spi1.c
		_SPI1_Initialize		CODE           	0155	0000	21
		_SPI1_ExchangeByte		CODE           	01AF	0000	13

mcc_generated_files/spi1.c estimated size: 34

shared
		__initialization		CODE           	0016	0000	15
		_spi1_configuration		STRCODE        	0202	0000	4

shared estimated size: 19

mcc_generated_files/mcc.c
		_WDT_Initialize		CODE           	0206	0000	4
		_PMD_Initialize		CODE           	01D7	0000	8
		_OSCILLATOR_Initialize		CODE           	01BC	0000	9
		_SYSTEM_Initialize		CODE           	016A	0000	19

mcc_generated_files/mcc.c estimated size: 40

mcc_generated_files/eusart.c
		_EUSART_Initialize		CODE           	0110	0000	35
		_EUSART_SetFramingErrorHandler		CODE           	01EB	0000	6
		_EUSART_SetErrorHandler		CODE           	01F1	0000	6
		_EUSART_SetOverrunErrorHandler		CODE           	01E5	0000	6

mcc_generated_files/eusart.c estimated size: 53

main.c
		_main          		CODE           	00B3	0000	51
		_NRF_ReadRegister		CODE           	017D	0000	19
		_NRF_RX_Init   		CODE           	0028	0000	86
		_NRF_ClearStatus		CODE           	01C5	0000	9
		_NRF_WriteRegister		CODE           	0190	0000	16
		_NRF_WriteRegisterMulti		CODE           	0133	0000	34
		_NRF_SPI       		CODE           	01F7	0000	6
		_NRF_ReadPayload		CODE           	00E6	0000	42

main.c estimated size: 263

